
> inventory-pos-system-backend@1.0.0 test
> cross-env NODE_ENV=test jest --runInBand --coverage tests/integration/purchase-order-close.test.ts

info: Redis connected successfully.
info: Redis client ready.
info: Γ£à Redis connection successful (PING/PONG).
info: Γ£à Database connection successful.
debug: User 9afb340b-56e2-4a59-95ac-a419add1e7a5 authenticated for tenant 4ba4cb60-2815-4df6-9442-a597738b458d
debug: User 9afb340b-56e2-4a59-95ac-a419add1e7a5 authorized for permissions: [po:create]
info: Purchase order created successfully
debug: User 9afb340b-56e2-4a59-95ac-a419add1e7a5 authenticated for tenant 4ba4cb60-2815-4df6-9442-a597738b458d
debug: User 9afb340b-56e2-4a59-95ac-a419add1e7a5 authorized for permissions: [po:update]
info: PO PO-000017 status updated to PENDING_APPROVAL
debug: User 9afb340b-56e2-4a59-95ac-a419add1e7a5 authenticated for tenant 4ba4cb60-2815-4df6-9442-a597738b458d
debug: User 9afb340b-56e2-4a59-95ac-a419add1e7a5 authorized for permissions: [po:approve]
info: PO PO-000017 status updated to APPROVED
debug: User 9afb340b-56e2-4a59-95ac-a419add1e7a5 authenticated for tenant 4ba4cb60-2815-4df6-9442-a597738b458d
debug: User 9afb340b-56e2-4a59-95ac-a419add1e7a5 authorized for permissions: [po:send]
info: Simulating sending PO 288873f7-46d6-4d5b-bc41-07cf10e1b068 to supplier... (Actual sending not implemented)
info: PO PO-000017 status updated to SENT
debug: User 9afb340b-56e2-4a59-95ac-a419add1e7a5 authenticated for tenant 4ba4cb60-2815-4df6-9442-a597738b458d
debug: User 9afb340b-56e2-4a59-95ac-a419add1e7a5 authorized for permissions: [po:close]
info: PO PO-000017 status updated to CLOSED
info: PO PO-000017 closed short. No further receiving allowed.
debug: User 9afb340b-56e2-4a59-95ac-a419add1e7a5 authenticated for tenant 4ba4cb60-2815-4df6-9442-a597738b458d
debug: User 9afb340b-56e2-4a59-95ac-a419add1e7a5 authorized for permissions: [po:create]
info: Purchase order created successfully
debug: User 9afb340b-56e2-4a59-95ac-a419add1e7a5 authenticated for tenant 4ba4cb60-2815-4df6-9442-a597738b458d
debug: User 9afb340b-56e2-4a59-95ac-a419add1e7a5 authorized for permissions: [po:update]
info: PO PO-000018 status updated to PENDING_APPROVAL
debug: User 9afb340b-56e2-4a59-95ac-a419add1e7a5 authenticated for tenant 4ba4cb60-2815-4df6-9442-a597738b458d
debug: User 9afb340b-56e2-4a59-95ac-a419add1e7a5 authorized for permissions: [po:approve]
info: PO PO-000018 status updated to APPROVED
debug: User 9afb340b-56e2-4a59-95ac-a419add1e7a5 authenticated for tenant 4ba4cb60-2815-4df6-9442-a597738b458d
debug: User 9afb340b-56e2-4a59-95ac-a419add1e7a5 authorized for permissions: [po:send]
info: Simulating sending PO 0d1e9b6c-e469-4ad2-9ad0-023b39ee531e to supplier... (Actual sending not implemented)
info: PO PO-000018 status updated to SENT
debug: User 9afb340b-56e2-4a59-95ac-a419add1e7a5 authenticated for tenant 4ba4cb60-2815-4df6-9442-a597738b458d
debug: User 9afb340b-56e2-4a59-95ac-a419add1e7a5 authorized for permissions: [po:receive]
warn: Validation Error (POST /api/v1/purchase-orders/0d1e9b6c-e469-4ad2-9ad0-023b39ee531e/receive): Input validation failed: property productId should not exist, poItemId should not be empty, PO Item ID must be a valid UUID.
error: [400] Input validation failed: property productId should not exist, poItemId should not be empty, PO Item ID must be a valid UUID. - POST /api/v1/purchase-orders/0d1e9b6c-e469-4ad2-9ad0-023b39ee531e/receive - IP: ::ffff:127.0.0.1
debug: User 9afb340b-56e2-4a59-95ac-a419add1e7a5 authenticated for tenant 4ba4cb60-2815-4df6-9442-a597738b458d
debug: User 9afb340b-56e2-4a59-95ac-a419add1e7a5 authorized for permissions: [po:close]
info: PO PO-000018 status updated to CLOSED
info: PO PO-000018 closed short. No further receiving allowed.
debug: User 9afb340b-56e2-4a59-95ac-a419add1e7a5 authenticated for tenant 4ba4cb60-2815-4df6-9442-a597738b458d
debug: User 9afb340b-56e2-4a59-95ac-a419add1e7a5 authorized for permissions: [po:create]
info: Purchase order created successfully
debug: User 9afb340b-56e2-4a59-95ac-a419add1e7a5 authenticated for tenant 4ba4cb60-2815-4df6-9442-a597738b458d
debug: User 9afb340b-56e2-4a59-95ac-a419add1e7a5 authorized for permissions: [po:close]
error: [400] Cannot change PO status from DRAFT to CLOSED. - POST /api/v1/purchase-orders/e290fb9a-a671-4255-a502-a81b9644a061/close - IP: ::ffff:127.0.0.1
debug: User 9afb340b-56e2-4a59-95ac-a419add1e7a5 authenticated for tenant 4ba4cb60-2815-4df6-9442-a597738b458d
debug: User 9afb340b-56e2-4a59-95ac-a419add1e7a5 authorized for permissions: [po:create]
info: Purchase order created successfully
debug: User 9afb340b-56e2-4a59-95ac-a419add1e7a5 authenticated for tenant 4ba4cb60-2815-4df6-9442-a597738b458d
debug: User 9afb340b-56e2-4a59-95ac-a419add1e7a5 authorized for permissions: [po:update]
info: PO PO-000020 status updated to PENDING_APPROVAL
debug: User 9afb340b-56e2-4a59-95ac-a419add1e7a5 authenticated for tenant 4ba4cb60-2815-4df6-9442-a597738b458d
debug: User 9afb340b-56e2-4a59-95ac-a419add1e7a5 authorized for permissions: [po:approve]
info: PO PO-000020 status updated to APPROVED
debug: User 9afb340b-56e2-4a59-95ac-a419add1e7a5 authenticated for tenant 4ba4cb60-2815-4df6-9442-a597738b458d
debug: User 9afb340b-56e2-4a59-95ac-a419add1e7a5 authorized for permissions: [po:send]
info: Simulating sending PO 16445b83-40f9-4290-9115-a4fcaf742552 to supplier... (Actual sending not implemented)
info: PO PO-000020 status updated to SENT
debug: User 9afb340b-56e2-4a59-95ac-a419add1e7a5 authenticated for tenant 4ba4cb60-2815-4df6-9442-a597738b458d
debug: User 9afb340b-56e2-4a59-95ac-a419add1e7a5 authorized for permissions: [po:receive]
warn: Validation Error (POST /api/v1/purchase-orders/16445b83-40f9-4290-9115-a4fcaf742552/receive): Input validation failed: property productId should not exist, poItemId should not be empty, PO Item ID must be a valid UUID.
error: [400] Input validation failed: property productId should not exist, poItemId should not be empty, PO Item ID must be a valid UUID. - POST /api/v1/purchase-orders/16445b83-40f9-4290-9115-a4fcaf742552/receive - IP: ::ffff:127.0.0.1
debug: User 9afb340b-56e2-4a59-95ac-a419add1e7a5 authenticated for tenant 4ba4cb60-2815-4df6-9442-a597738b458d
debug: User 9afb340b-56e2-4a59-95ac-a419add1e7a5 authorized for permissions: [po:close]
info: PO PO-000020 status updated to CLOSED
info: PO PO-000020 closed short. No further receiving allowed.
cmd : FAIL tests/integration/purchase-order-close.test.ts (14.034 s)
At line:1 char:1
+ cmd /c npm test tests/integration/purchase-order-close.test.ts > test ...
+ ~~~~~~~~~~~~~~~~~~~~~~~~~~~~~~~~~~~~~~~~~~~~~~~~~~~~~~~~~~~~~~~~~~~~~
    + CategoryInfo          : NotSpecified: (FAIL tests/inte...t.ts (14.034 s):String) [], RemoteException
    + FullyQualifiedErrorId : NativeCommandError
 
  Purchase Order Close Feature
    ΓêÜ should close a SENT purchase order (420 ms)
    ΓêÜ should close a PARTIALLY_RECEIVED purchase order (290 ms)
    ΓêÜ should NOT close a DRAFT purchase order (78 ms)
    ├ù should NOT close a FULLY_RECEIVED purchase order (248 ms)

  ΓùÅ Purchase Order Close Feature ΓÇ║ should NOT close a FULLY_RECEIVED purchase order

    expect(received).toBe(expected) // Object.is equality

    Expected: 400
    Received: 200

    [0m [90m 212 |[39m             [33m.[39m[36mset[39m([32m'Authorization'[39m[33m,[39m [32m`Bearer 
${adminAccessToken}`[39m)[33m;[39m
     [90m 213 |[39m
    [31m[1m>[22m[39m[90m 214 |[39m         
expect(res[33m.[39mstatus)[33m.[39mtoBe(httpStatus[33m.[39m[33mBAD_REQUEST[39m)[33m;[39m
     [90m     |[39m                            [31m[1m^[22m[39m
     [90m 215 |[39m     })[33m;[39m
     [90m 216 |[39m })[33m;[39m
     [90m 217 |[39m[0m

      at Object.<anonymous> (tests/integration/purchase-order-close.test.ts:214:28)

--------------------------------|---------|----------|---------|---------|------------------------------------------------------------------------------------------------------------------------------------------------------------
File                            | % Stmts | % Branch | % Funcs | % Lines | Uncovered Line #s                                                                                                                                          
--------------------------------|---------|----------|---------|---------|------------------------------------------------------------------------------------------------------------------------------------------------------------
All files                       |   28.99 |      4.5 |    9.73 |   30.68 |                                                                                                                                                            
 src                            |   94.11 |       50 |      20 |   94.11 |                                                                                                                                                            
  app.ts                        |   94.11 |       50 |      20 |   94.11 | 65,74,79,112                                                                                                                                               
 src/config                     |   70.42 |    52.63 |   41.66 |   69.56 |                                                                                                                                                            
  environment.ts                |   68.42 |       50 |       0 |   68.42 | 16,19,51-55                                                                                                                                                
  index.ts                      |     100 |      100 |      50 |     100 |                                                                                                                                                            
  prisma.ts                     |      60 |       50 |      50 |      60 | 37-48,58-59                                                                                                                                                
  redis.ts                      |   74.07 |       60 |   42.85 |   74.07 | 48,52,56,60,70-73,84                                                                                                                                       
 src/middleware                 |   55.93 |    35.82 |   71.42 |   54.76 |                                                                                                                                                            
  auth.middleware.ts            |   69.69 |    33.33 |     100 |   68.75 | 42,78-79,104-113                                                                                                                                           
  error.middleware.ts           |   30.64 |     22.5 |     100 |   28.33 | 27-98,123-125,144                                                                                                                                          
  rateLimit.middleware.ts       |   55.55 |      100 |       0 |   55.55 | 14-15,28-31                                                                                                                                                
  rbac.middleware.ts            |   45.16 |       25 |   42.85 |   44.44 | 16-17,26-27,44-60                                                                                                                                          
  tenant.middleware.ts          |      75 |        0 |     100 |   71.42 | 16-17,39-40                                                                                                                                                
  validate.middleware.ts        |     100 |      100 |     100 |     100 |                                                                                                                                                            
 src/modules/auth               |   22.42 |        0 |       0 |   22.42 |                                                                                                                                                            
  auth.controller.ts            |    32.6 |        0 |       0 |    32.6 | 19-26,33-39,46-61,73-93,102-114,122-129,136-142                                                                                                            
  auth.routes.ts                |     100 |      100 |     100 |     100 |                                                                                                                                                            
  auth.service.ts               |   11.25 |        0 |       0 |   11.25 | 37-62,73-100,113-134,152-186,205-247,257-278,292-346,362-429                                                                                               
 src/modules/auth/dto           |     100 |      100 |     100 |     100 |                                                                                                                                                            
  forgot-password.dto.ts        |     100 |      100 |     100 |     100 |                                                                                                                                                            
  login.dto.ts                  |     100 |      100 |     100 |     100 |                                                                                                                                                            
  reset-password.dto.ts         |     100 |      100 |     100 |     100 |                                                                                                                                                            
 src/modules/category           |      20 |        0 |       0 |   20.43 |                                                                                                                                                            
  category.controller.ts        |   25.53 |        0 |       0 |   26.66 | 12-15,19-55,59-62,66-69,73-75                                                                                                                              
  category.routes.ts            |     100 |      100 |     100 |     100 |                                                                                                                                                            
  category.service.ts           |     9.3 |        0 |       0 |    9.44 | 24-70,83-112,118-125,132-148,160-241,250-290                                                                                                               
 src/modules/category/dto       |     100 |      100 |     100 |     100 |                                                                                                                                                            
  create-category.dto.ts        |     100 |      100 |     100 |     100 |                                                                                                                                                            
  update-category.dto.ts        |     100 |      100 |     100 |     100 |                                                                                                                                                            
 src/modules/customer           |    18.4 |        0 |       0 |   19.89 |                                                                                                                                                            
  customer.controller.ts        |   19.04 |        0 |       0 |   21.42 | 15-18,25-94,107-117,124-132,139-149                                                                                                                        
  customer.routes.ts            |     100 |      100 |     100 |     100 |                                                                                                                                                            
  customer.service.ts           |    8.87 |        0 |       0 |    9.48 | 17-81,89-107,115-128,136-208,216-248                                                                                                                       
 src/modules/customer-group     |   23.71 |        0 |       0 |   24.66 |                                                                                                                                                            
  customer-group.controller.ts  |   27.27 |        0 |       0 |   29.26 | 13-16,21-44,52-55,60-63,68-70                                                                                                                              
  customer-group.routes.ts      |     100 |      100 |     100 |     100 |                                                                                                                                                            
  customer-group.service.ts     |   11.22 |        0 |       0 |   11.57 | 23-52,70-91,102-117,129-179,190-226                                                                                                                        
 src/modules/customer-group/dto |     100 |      100 |     100 |     100 |                                                                                                                                                            
  create-customer-group.dto.ts  |     100 |      100 |     100 |     100 |                                                                                                                                                            
  update-customer-group.dto.ts  |     100 |      100 |     100 |     100 |                                                                                                                                                            
 src/modules/customer/dto       |   86.66 |      100 |       0 |   95.12 |                                                                                                                                                            
  address.dto.ts                |     100 |      100 |     100 |     100 |                                                                                                                                                            
  create-customer.dto.ts        |      80 |      100 |       0 |   88.88 | 38,44                                                                                                                                                      
  update-customer.dto.ts        |   88.88 |      100 |       0 |     100 |                                                                                                                                                            
 src/modules/inventory          |   13.02 |        0 |       0 |   13.96 |                                                                                                                                                            
  inventory.controller.ts       |   11.25 |        0 |       0 |   12.67 | 14-18,22-74,81-84,91-95,99-104,108-113,117-166,173-176,182-251,258-261                                                                                     
  inventory.routes.ts           |     100 |      100 |     100 |     100 |                                                                                                                                                            
  inventory.service.ts          |    6.82 |        0 |       0 |    7.14 | 68-172,183-302,317-403,417-509,523-672,688-729,748-781,795-837,856-890,910-954,972-997                                                                     
 src/modules/inventory/dto      |   85.41 |      100 |       0 |   85.41 |                                                                                                                                                            
  adjustment-item.dto.ts        |      80 |      100 |       0 |      80 | 12,17                                                                                                                                                      
  create-adjustment.dto.ts      |   88.88 |      100 |       0 |   88.88 | 23                                                                                                                                                         
  create-transfer.dto.ts        |   88.88 |      100 |       0 |   88.88 | 22                                                                                                                                                         
  receive-item.dto.ts           |    87.5 |      100 |       0 |    87.5 | 14                                                                                                                                                         
  receive-transfer.dto.ts       |   83.33 |      100 |       0 |   83.33 | 10                                                                                                                                                         
  transfer-item.dto.ts          |   83.33 |      100 |       0 |   83.33 | 13                                                                                                                                                         
 src/modules/location           |    20.1 |        0 |       0 |   20.78 |                                                                                                                                                            
  location.controller.ts        |   24.48 |        0 |       0 |   27.27 | 12-14,18-45,52-55,59-61,65-67                                                                                                                              
  location.routes.ts            |     100 |      100 |     100 |     100 |                                                                                                                                                            
  location.service.ts           |    9.09 |        0 |       0 |    9.16 | 24-84,119-158,169-187,266-383,395-454                                                                                                                      
 src/modules/location/dto       |   88.88 |      100 |       0 |    92.3 |                                                                                                                                                            
  create-location.dto.ts        |    87.5 |      100 |       0 |   93.33 | 32                                                                                                                                                         
  update-location.dto.ts        |    90.9 |      100 |       0 |    90.9 | 24                                                                                                                                                         
 src/modules/orders             |   14.86 |        0 |       0 |   16.94 |                                                                                                                                                            
  order.controller.ts           |   17.33 |        0 |       0 |    19.4 | 15-20,27-99,112-122,129-138,145-158                                                                                                                        
  order.routes.ts               |     100 |      100 |     100 |     100 |                                                                                                                                                            
  order.service.ts              |     6.7 |        0 |       0 |    7.79 | 45-49,56-209,221-247,253-274,280-335,342-416                                                                                                               
 src/modules/orders/dto         |   76.59 |      100 |       0 |    87.8 |                                                                                                                                                            
  create-order.dto.ts           |      68 |      100 |       0 |   89.47 | 28,44                                                                                                                                                      
  order-item.dto.ts             |   81.81 |      100 |       0 |   81.81 | 13,19                                                                                                                                                      
  update-order.dto.ts           |    90.9 |      100 |       0 |    90.9 | 13                                                                                                                                                         
 src/modules/permissions        |   67.74 |      100 |       0 |   67.74 |                                                                                                                                                            
  permission.controller.ts      |   71.42 |      100 |       0 |   71.42 | 9-10                                                                                                                                                       
  permission.routes.ts          |     100 |      100 |     100 |     100 |                                                                                                                                                            
  permission.service.ts         |   42.85 |      100 |       0 |   42.85 | 14-26                                                                                                                                                      
 src/modules/pos                |   15.71 |        0 |       0 |   17.05 |                                                                                                                                                            
  pos.controller.ts             |   19.76 |        0 |       0 |   22.36 | 13-21,27-30,34-37,41-45,49-53,58-63,67-70,74-104,109-120                                                                                                   
  pos.routes.ts                 |     100 |      100 |     100 |     100 |                                                                                                                                                            
  pos.service.ts                |     6.2 |        0 |       0 |    6.69 | 28-39,46-87,154-231,236-256,263-286,786-1084,1107-1124,1131-1153                                                                                           
 src/modules/pos/dto            |   75.71 |      100 |       0 |   81.53 |                                                                                                                                                            
  cash-transaction.dto.ts       |    87.5 |      100 |       0 |    87.5 | 19                                                                                                                                                         
  end-session.dto.ts            |   83.33 |      100 |       0 |   83.33 | 9                                                                                                                                                          
  pos-checkout.dto.ts           |   69.76 |      100 |       0 |   78.94 | 26,29,45,52,56,60,62,68                                                                                                                                    
  pos-payment.dto.ts            |    87.5 |      100 |       0 |    87.5 | 15                                                                                                                                                         
  start-session.dto.ts          |      80 |      100 |       0 |      80 | 9                                                                                                                                                          
 src/modules/products           |   14.96 |        0 |       0 |   15.88 |                                                                                                                                                            
  product.controller.ts         |   18.18 |        0 |       0 |   21.42 | 12-15,19-70,80-87,91-99,103-111                                                                                                                            
  product.routes.ts             |     100 |      100 |     100 |     100 |                                                                                                                                                            
  product.service.ts            |    8.41 |        0 |       0 |    8.69 | 38,41-46,50-69,80-264,278-338,347-396,409-521,530-582                                                                                                      
 src/modules/products/dto       |   78.37 |      100 |      10 |   87.87 |                                                                                                                                                            
  create-product.dto.ts         |   66.66 |      100 |       0 |   85.71 | 68,74,84,97                                                                                                                                                
  dimensions.dto.ts             |     100 |      100 |     100 |     100 |                                                                                                                                                            
  update-product.dto.ts         |   85.18 |      100 |       0 |   85.18 | 61,64,71,77                                                                                                                                                
 src/modules/purchase-order     |   34.24 |    13.01 |   41.66 |   37.72 |                                                                                                                                                            
  purchase-order.controller.ts  |    37.5 |        0 |   45.45 |   41.17 | 26-106,119-128,135-143,180-185,200-206                                                                                                                     
  purchase-order.routes.ts      |     100 |      100 |     100 |     100 |                                                                                                                                                            
  purchase-order.service.ts     |   28.28 |    17.11 |      40 |   31.36 | 56-57,67-68,73-77,143-173,196-197,214-216,251-258,264-287,293-313,319-380,396-397,419-422,444-448,605-830                                                  
 src/modules/purchase-order/dto |   94.23 |      100 |      70 |      94 |                                                                                                                                                            
  create-po.dto.ts              |   92.85 |      100 |   66.66 |    92.3 | 29                                                                                                                                                         
  po-action.dto.ts              |     100 |      100 |     100 |     100 |                                                                                                                                                            
  po-item.dto.ts                |   91.66 |      100 |      75 |    90.9 | 28                                                                                                                                                         
  receive-po-item.dto.ts        |     100 |      100 |     100 |     100 |                                                                                                                                                            
  receive-po.dto.ts             |     100 |      100 |     100 |     100 |                                                                                                                                                            
  update-po.dto.ts              |   85.71 |      100 |       0 |   85.71 | 15                                                                                                                                                         
 src/modules/reports            |   23.48 |        0 |       0 |   23.32 |                                                                                                                                                            
  reports.controller.ts         |   26.54 |        0 |       0 |   26.78 | 41-80,88-92,99-107,112-115,120-123,128-131,137-143,149-152,158-164,173-184,189-192,197-200,206-212,219-225,232-238,248-254,261-267,277-285,292-298,308-314 
  reports.routes.ts             |     100 |      100 |     100 |     100 |                                                                                                                                                            
  reports.service.extended.ts   |   12.85 |        0 |       0 |    9.83 | 16-68,73-110,115-164,169-222,227-274,279-333                                                                                                               
  reports.service.ts            |   13.27 |        0 |       0 |   13.76 | 25-34,45-164,189-255,279-387,394-396,400-403,407-409,413-415                                                                                               
 src/modules/reports/dto        |   73.68 |      100 |       0 |    87.5 |                                                                                                                                                            
  report-query.dto.ts           |   73.68 |      100 |       0 |    87.5 | 36,39                                                                                                                                                      
 src/modules/returns            |   15.58 |        0 |       0 |   17.73 |                                                                                                                                                            
  return.controller.ts          |   17.39 |        0 |       0 |   19.35 | 15-19,26-96,109-118,125-140                                                                                                                                
  return.routes.ts              |     100 |      100 |     100 |     100 |                                                                                                                                                            
  return.service.ts             |    7.38 |        0 |       0 |    8.59 | 34-41,51-282,288-301,307-324,330-365                                                                                                                       
 src/modules/returns/dto        |   89.36 |      100 |       0 |   89.36 |                                                                                                                                                            
  create-return.dto.ts          |   86.66 |      100 |       0 |   86.66 | 40,51                                                                                                                                                      
  index.ts                      |     100 |      100 |     100 |     100 |                                                                                                                                                            
  refund-payment-input.dto.ts   |    87.5 |      100 |       0 |    87.5 | 18                                                                                                                                                         
  return-item-input.dto.ts      |   86.66 |      100 |       0 |   86.66 | 30,46                                                                                                                                                      
  update-return.dto.ts          |     100 |      100 |     100 |     100 |                                                                                                                                                            
 src/modules/roles              |   16.46 |        0 |       0 |   18.43 |                                                                                                                                                            
  role.controller.ts            |   18.47 |        0 |       0 |   20.48 | 16-19,24-47,59-82,92-95,100-103,108-110,118-126,131-137,143-149,154-160                                                                                    
  role.routes.ts                |     100 |      100 |     100 |     100 |                                                                                                                                                            
  role.service.ts               |    7.44 |        0 |       0 |    8.46 | 25-83,91-111,116-136,144-157,170-226,239-266,279-303,312-343,362-412,425-452                                                                               
 src/modules/roles/dto          |     100 |      100 |     100 |     100 |                                                                                                                                                            
  assign-permission.dto.ts      |     100 |      100 |     100 |     100 |                                                                                                                                                            
  batch-permissions.dto.ts      |     100 |      100 |     100 |     100 |                                                                                                                                                            
  create-role.dto.ts            |     100 |      100 |     100 |     100 |                                                                                                                                                            
  update-role.dto.ts            |     100 |      100 |     100 |     100 |                                                                                                                                                            
 src/modules/stock-counts       |   17.33 |        0 |       0 |   18.61 |                                                                                                                                                            
  stock-count.controller.ts     |   18.91 |        0 |       0 |   21.21 | 13-17,22-27,32-37,42-47,52-94,102-105                                                                                                                      
  stock-count.routes.ts         |     100 |      100 |     100 |     100 |                                                                                                                                                            
  stock-count.service.ts        |    8.22 |        0 |       0 |    8.72 | 32-38,43-133,139-203,209-281,288-392,416-449,461-497                                                                                                       
 src/modules/stock-counts/dto   |    92.3 |      100 |       0 |    92.3 |                                                                                                                                                            
  count-item.dto.ts             |   88.88 |      100 |       0 |   88.88 | 13                                                                                                                                                         
  enter-counts.dto.ts           |   83.33 |      100 |       0 |   83.33 | 11                                                                                                                                                         
  index.ts                      |     100 |      100 |     100 |     100 |                                                                                                                                                            
  initiate-stock-count.dto.ts   |     100 |      100 |     100 |     100 |                                                                                                                                                            
  review-count.dto.ts           |   83.33 |      100 |       0 |   83.33 | 10                                                                                                                                                         
  review-item.dto.ts            |     100 |      100 |     100 |     100 |                                                                                                                                                            
 src/modules/suppliers          |   19.68 |        0 |       0 |   20.78 |                                                                                                                                                            
  supplier.controller.ts        |   23.52 |        0 |       0 |   26.66 | 12-15,19-47,54-57,61-64,68-72                                                                                                                              
  supplier.routes.ts            |     100 |      100 |     100 |     100 |                                                                                                                                                            
  supplier.service.ts           |    8.94 |        0 |       0 |    9.24 | 22-66,79-101,109-125,137-217,225-267                                                                                                                       
 src/modules/suppliers/dto      |   93.75 |      100 |       0 |   93.75 |                                                                                                                                                            
  address.dto.ts                |     100 |      100 |     100 |     100 |                                                                                                                                                            
  create-supplier.dto.ts        |   91.66 |      100 |       0 |   91.66 | 31                                                                                                                                                         
  update-supplier.dto.ts        |    92.3 |      100 |       0 |    92.3 | 32                                                                                                                                                         
 src/modules/tenants            |   16.27 |        0 |       0 |   17.44 |                                                                                                                                                            
  tenant.controller.ts          |   27.41 |        0 |       0 |   27.86 | 21-22,32-72,86-90,99-100,109-110,117-124,134-144,151-156                                                                                                   
  tenant.routes.ts              |     100 |      100 |     100 |     100 |                                                                                                                                                            
  tenant.service.ts             |    6.17 |        0 |       0 |    6.75 | 45-79,92-199,206-222,228-240,246-300,306-342,349-385,391-505                                                                                               
 src/modules/tenants/dto        |     100 |      100 |     100 |     100 |                                                                                                                                                            
  create-tenant.dto.ts          |     100 |      100 |     100 |     100 |                                                                                                                                                            
  manage-tenant-admins.dto.ts   |     100 |      100 |     100 |     100 |                                                                                                                                                            
  tenant-action.dto.ts          |     100 |      100 |     100 |     100 |                                                                                                                                                            
  update-tenant-config.dto.ts   |     100 |      100 |     100 |     100 |                                                                                                                                                            
  update-tenant.dto.ts          |     100 |      100 |     100 |     100 |                                                                                                                                                            
 src/modules/users              |   14.85 |        0 |       0 |   16.45 |                                                                                                                                                            
  user.controller.ts            |   10.89 |        0 |       0 |   12.31 | 15-19,26-27,40-99,118-177,190-248,261-281,288-321,328-339,349-355,362-368                                                                                  
  user.routes.ts                |     100 |      100 |     100 |     100 |                                                                                                                                                            
  user.service.ts               |    9.14 |        0 |       0 |   10.06 | 46-114,128-178,192-216,230-254,263-280,298-343,353-373,381-401,409-445                                                                                     
 src/modules/users/dto          |     100 |      100 |     100 |     100 |                                                                                                                                                            
  create-unassigned-user.dto.ts |     100 |      100 |     100 |     100 |                                                                                                                                                            
  create-user.dto.ts            |     100 |      100 |     100 |     100 |                                                                                                                                                            
  update-user.dto.ts            |     100 |      100 |     100 |     100 |                                                                                                                                                            
 src/utils                      |   33.33 |    27.39 |   36.84 |   32.31 |                                                                                                                                                            
  ApiError.ts                   |   57.89 |       40 |   16.66 |   57.89 | 39,50-70                                                                                                                                                   
  catchAsync.ts                 |     100 |      100 |     100 |     100 |                                                                                                                                                            
  date.utils.ts                 |    3.75 |        0 |       0 |    3.75 | 36-154                                                                                                                                                     
  email.service.ts              |   30.76 |        0 |       0 |   30.76 | 21-32                                                                                                                                                      
  logger.ts                     |   74.19 |    47.05 |     100 |   76.66 | 17,36,44-47,67,69                                                                                                                                          
  pick.ts                       |      25 |        0 |       0 |      25 | 15-26                                                                                                                                                      
  token.utils.ts                |   66.66 |        0 |       0 |   55.55 | 11,21-22,32                                                                                                                                                
--------------------------------|---------|----------|---------|---------|------------------------------------------------------------------------------------------------------------------------------------------------------------
Test Suites: 1 failed, 1 total
Tests:       1 failed, 3 passed, 4 total
Snapshots:   0 total
Time:        15.242 s, estimated 21 s
Ran all test suites matching /tests\\integration\\purchase-order-close.test.ts/i.
Force exiting Jest: Have you considered using `--detectOpenHandles` to detect async operations that kept running after 
all tests finished?
